
> stead@0.1.0 build
> vue-tsc -b && vite build

[36mvite v6.4.2 [32mbuilding for production...[36m[39m
transforming...
[32mΓ£ô[39m 329 modules transformed.
rendering chunks...
computing gzip size...
[2mdist/[22m[32mindex.html                               [39m[1m[2m  1.15 kB[22m[1m[22m[2m Γöé gzip:  0.59 kB[22m
[2mdist/[22m[35massets/MoneyLayout-Ba5v4-qz.css          [39m[1m[2m  0.07 kB[22m[1m[22m[2m Γöé gzip:  0.08 kB[22m
[2mdist/[22m[35massets/PantryLayout-C8dVKDiU.css         [39m[1m[2m  0.07 kB[22m[1m[22m[2m Γöé gzip:  0.09 kB[22m
[2mdist/[22m[35massets/DataList-4v8NHG8G.css             [39m[1m[2m  0.17 kB[22m[1m[22m[2m Γöé gzip:  0.15 kB[22m
[2mdist/[22m[35massets/MonthSummary-C7TiH8Ea.css         [39m[1m[2m  0.43 kB[22m[1m[22m[2m Γöé gzip:  0.24 kB[22m
[2mdist/[22m[35massets/base-DFP4d7Nl.css                 [39m[1m[2m  0.53 kB[22m[1m[22m[2m Γöé gzip:  0.28 kB[22m
[2mdist/[22m[35massets/SectionHeader-CDLEqVtd.css        [39m[1m[2m  0.63 kB[22m[1m[22m[2m Γöé gzip:  0.29 kB[22m
[2mdist/[22m[35massets/InlineStat-BHQjzNHO.css           [39m[1m[2m  0.67 kB[22m[1m[22m[2m Γöé gzip:  0.27 kB[22m
[2mdist/[22m[35massets/SAvatar-BQexkBn6.css              [39m[1m[2m  0.69 kB[22m[1m[22m[2m Γöé gzip:  0.32 kB[22m
[2mdist/[22m[35massets/ErrorBanner-DdYzKqiW.css          [39m[1m[2m  0.84 kB[22m[1m[22m[2m Γöé gzip:  0.35 kB[22m
[2mdist/[22m[35massets/MoneyTabs-B-ROKe7B.css            [39m[1m[2m  1.04 kB[22m[1m[22m[2m Γöé gzip:  0.43 kB[22m
[2mdist/[22m[35massets/SBadge-DwSRl5ao.css               [39m[1m[2m  1.04 kB[22m[1m[22m[2m Γöé gzip:  0.35 kB[22m
[2mdist/[22m[35massets/PantryTabs-CFZe5wJr.css           [39m[1m[2m  1.04 kB[22m[1m[22m[2m Γöé gzip:  0.43 kB[22m
[2mdist/[22m[35massets/EmptyState-OpYoKjVF.css           [39m[1m[2m  1.07 kB[22m[1m[22m[2m Γöé gzip:  0.41 kB[22m
[2mdist/[22m[35massets/SToggle-BUwYiQ79.css              [39m[1m[2m  1.10 kB[22m[1m[22m[2m Γöé gzip:  0.46 kB[22m
[2mdist/[22m[35massets/ConfirmDialog-DK7qD9GB.css        [39m[1m[2m  1.25 kB[22m[1m[22m[2m Γöé gzip:  0.44 kB[22m
[2mdist/[22m[35massets/StatusBadge-B9LLo8wP.css          [39m[1m[2m  1.47 kB[22m[1m[22m[2m Γöé gzip:  0.38 kB[22m
[2mdist/[22m[35massets/IncomePage-3bZTnD2J.css           [39m[1m[2m  1.54 kB[22m[1m[22m[2m Γöé gzip:  0.55 kB[22m
[2mdist/[22m[35massets/LoginPage-DAADoK-c.css            [39m[1m[2m  1.57 kB[22m[1m[22m[2m Γöé gzip:  0.50 kB[22m
[2mdist/[22m[35massets/SignupPage-dyPfE_2W.css           [39m[1m[2m  1.57 kB[22m[1m[22m[2m Γöé gzip:  0.50 kB[22m
[2mdist/[22m[35massets/BudgetsPage-SuOe7MWi.css          [39m[1m[2m  1.62 kB[22m[1m[22m[2m Γöé gzip:  0.52 kB[22m
[2mdist/[22m[35massets/ContentCard-DzWrRJR5.css          [39m[1m[2m  1.67 kB[22m[1m[22m[2m Γöé gzip:  0.54 kB[22m
[2mdist/[22m[35massets/ContactsPage-V9fuj2bQ.css         [39m[1m[2m  1.69 kB[22m[1m[22m[2m Γöé gzip:  0.53 kB[22m
[2mdist/[22m[35massets/STextarea-DAewkOIq.css            [39m[1m[2m  1.70 kB[22m[1m[22m[2m Γöé gzip:  0.55 kB[22m
[2mdist/[22m[35massets/BillsPage-J2LKYKtO.css            [39m[1m[2m  1.70 kB[22m[1m[22m[2m Γöé gzip:  0.57 kB[22m
[2mdist/[22m[35massets/RemindersPage-cDnfG1UL.css        [39m[1m[2m  1.84 kB[22m[1m[22m[2m Γöé gzip:  0.57 kB[22m
[2mdist/[22m[35massets/ShoppingPage-ZhS1VHCh.css         [39m[1m[2m  1.85 kB[22m[1m[22m[2m Γöé gzip:  0.60 kB[22m
[2mdist/[22m[35massets/InventoryPage-oc-lHMGV.css        [39m[1m[2m  1.91 kB[22m[1m[22m[2m Γöé gzip:  0.58 kB[22m
[2mdist/[22m[35massets/OnboardingPage-B38Pi_7t.css       [39m[1m[2m  1.92 kB[22m[1m[22m[2m Γöé gzip:  0.60 kB[22m
[2mdist/[22m[35massets/NotesPage-tAPapqSo.css            [39m[1m[2m  2.10 kB[22m[1m[22m[2m Γöé gzip:  0.67 kB[22m
[2mdist/[22m[35massets/FilterBar-0jf6Vurq.css            [39m[1m[2m  2.28 kB[22m[1m[22m[2m Γöé gzip:  0.67 kB[22m
[2mdist/[22m[35massets/SInput-CjkeoRoh.css               [39m[1m[2m  2.34 kB[22m[1m[22m[2m Γöé gzip:  0.67 kB[22m
[2mdist/[22m[35massets/DocumentsPage-7fRvHq50.css        [39m[1m[2m  2.60 kB[22m[1m[22m[2m Γöé gzip:  0.69 kB[22m
[2mdist/[22m[35massets/BalancesPage-DV0Yy6VR.css         [39m[1m[2m  2.60 kB[22m[1m[22m[2m Γöé gzip:  0.67 kB[22m
[2mdist/[22m[35massets/SavingsPage-D_K4qLIx.css          [39m[1m[2m  2.68 kB[22m[1m[22m[2m Γöé gzip:  0.67 kB[22m
[2mdist/[22m[35massets/SubscriptionsPage-Y66pULiD.css    [39m[1m[2m  2.73 kB[22m[1m[22m[2m Γöé gzip:  0.68 kB[22m
[2mdist/[22m[35massets/JournalPage-BGJXNa-a.css          [39m[1m[2m  2.85 kB[22m[1m[22m[2m Γöé gzip:  0.76 kB[22m
[2mdist/[22m[35massets/SettingsPage-CHf6u5GC.css         [39m[1m[2m  2.91 kB[22m[1m[22m[2m Γöé gzip:  0.74 kB[22m
[2mdist/[22m[35massets/SButton-BSuSfYJ4.css              [39m[1m[2m  2.98 kB[22m[1m[22m[2m Γöé gzip:  0.77 kB[22m
[2mdist/[22m[35massets/WishlistPage-CPEi5thd.css         [39m[1m[2m  3.01 kB[22m[1m[22m[2m Γöé gzip:  0.79 kB[22m
[2mdist/[22m[35massets/HabitsPage-Bw04YBSg.css           [39m[1m[2m  3.41 kB[22m[1m[22m[2m Γöé gzip:  0.80 kB[22m
[2mdist/[22m[35massets/DashboardPage-DC5EdHmb.css        [39m[1m[2m  4.16 kB[22m[1m[22m[2m Γöé gzip:  0.96 kB[22m
[2mdist/[22m[35massets/MealsPage-DydWdFbE.css            [39m[1m[2m  4.22 kB[22m[1m[22m[2m Γöé gzip:  0.99 kB[22m
[2mdist/[22m[35massets/TasksPage-BZiW3hHm.css            [39m[1m[2m  4.32 kB[22m[1m[22m[2m Γöé gzip:  1.02 kB[22m
[2mdist/[22m[35massets/ExpensesPage-fbnMVtVx.css         [39m[1m[2m  4.36 kB[22m[1m[22m[2m Γöé gzip:  1.01 kB[22m
[2mdist/[22m[35massets/FormSection-CGpfsymI.css          [39m[1m[2m  6.01 kB[22m[1m[22m[2m Γöé gzip:  1.40 kB[22m
[2mdist/[22m[35massets/AppShell-DxkrN5te.css             [39m[1m[2m  7.72 kB[22m[1m[22m[2m Γöé gzip:  1.49 kB[22m
[2mdist/[22m[35massets/index-CUKP-JfX.css                [39m[1m[2m 14.07 kB[22m[1m[22m[2m Γöé gzip:  3.26 kB[22m
[2mdist/[22m[36massets/categories-CaZ1grbX.js            [39m[1m[2m  0.25 kB[22m[1m[22m[2m Γöé gzip:  0.20 kB[22m[2m Γöé map:     0.90 kB[22m
[2mdist/[22m[36massets/MoneyLayout-DDpvsrvu.js           [39m[1m[2m  0.37 kB[22m[1m[22m[2m Γöé gzip:  0.30 kB[22m[2m Γöé map:     0.57 kB[22m
[2mdist/[22m[36massets/PantryLayout-DuY2fVIM.js          [39m[1m[2m  0.37 kB[22m[1m[22m[2m Γöé gzip:  0.30 kB[22m[2m Γöé map:     0.58 kB[22m
[2mdist/[22m[36massets/DataList-BWDhZYBi.js              [39m[1m[2m  0.42 kB[22m[1m[22m[2m Γöé gzip:  0.32 kB[22m[2m Γöé map:     0.77 kB[22m
[2mdist/[22m[36massets/SBadge-D0e34NgL.js                [39m[1m[2m  0.43 kB[22m[1m[22m[2m Γöé gzip:  0.33 kB[22m[2m Γöé map:     2.06 kB[22m
[2mdist/[22m[36massets/useAuth-Czp2DBmu.js               [39m[1m[2m  0.45 kB[22m[1m[22m[2m Γöé gzip:  0.28 kB[22m[2m Γöé map:     1.20 kB[22m
[2mdist/[22m[36massets/StatusBadge-BEAfw5nY.js           [39m[1m[2m  0.54 kB[22m[1m[22m[2m Γöé gzip:  0.39 kB[22m[2m Γöé map:     2.40 kB[22m
[2mdist/[22m[36massets/MonthSummary-DLNSzC0_.js          [39m[1m[2m  0.59 kB[22m[1m[22m[2m Γöé gzip:  0.40 kB[22m[2m Γöé map:     1.70 kB[22m
[2mdist/[22m[36massets/InlineStat-wftft8Pi.js            [39m[1m[2m  0.60 kB[22m[1m[22m[2m Γöé gzip:  0.39 kB[22m[2m Γöé map:     1.84 kB[22m
[2mdist/[22m[36massets/SectionHeader-C-DVZU26.js         [39m[1m[2m  0.63 kB[22m[1m[22m[2m Γöé gzip:  0.40 kB[22m[2m Γöé map:     1.80 kB[22m
[2mdist/[22m[36massets/format-ebkBAvNA.js                [39m[1m[2m  0.65 kB[22m[1m[22m[2m Γöé gzip:  0.38 kB[22m[2m Γöé map:     2.21 kB[22m
[2mdist/[22m[36massets/SToggle-yCUzWRcW.js               [39m[1m[2m  0.95 kB[22m[1m[22m[2m Γöé gzip:  0.57 kB[22m[2m Γöé map:     2.79 kB[22m
[2mdist/[22m[36massets/SButton-nWlvJbLY.js               [39m[1m[2m  1.00 kB[22m[1m[22m[2m Γöé gzip:  0.56 kB[22m[2m Γöé map:     5.39 kB[22m
[2mdist/[22m[36massets/ErrorBanner-7Kvg9140.js           [39m[1m[2m  1.01 kB[22m[1m[22m[2m Γöé gzip:  0.58 kB[22m[2m Γöé map:     2.45 kB[22m
[2mdist/[22m[36massets/ContentCard-CC-KPU63.js           [39m[1m[2m  1.23 kB[22m[1m[22m[2m Γöé gzip:  0.59 kB[22m[2m Γöé map:     4.13 kB[22m
[2mdist/[22m[36massets/ConfirmDialog-BeUWuDjD.js         [39m[1m[2m  1.30 kB[22m[1m[22m[2m Γöé gzip:  0.71 kB[22m[2m Γöé map:     4.19 kB[22m
[2mdist/[22m[36massets/SAvatar-DbUyZY07.js               [39m[1m[2m  1.35 kB[22m[1m[22m[2m Γöé gzip:  0.85 kB[22m[2m Γöé map:     3.75 kB[22m
[2mdist/[22m[36massets/PantryTabs-B3i1evAG.js            [39m[1m[2m  1.40 kB[22m[1m[22m[2m Γöé gzip:  0.80 kB[22m[2m Γöé map:     5.22 kB[22m
[2mdist/[22m[36massets/STextarea-SDTMwwOs.js             [39m[1m[2m  1.55 kB[22m[1m[22m[2m Γöé gzip:  0.75 kB[22m[2m Γöé map:     4.46 kB[22m
[2mdist/[22m[36massets/MoneyTabs-cJpRJ5fF.js             [39m[1m[2m  1.59 kB[22m[1m[22m[2m Γöé gzip:  0.86 kB[22m[2m Γöé map:     5.79 kB[22m
[2mdist/[22m[36massets/income.store-BW9S8poE.js          [39m[1m[2m  1.72 kB[22m[1m[22m[2m Γöé gzip:  0.86 kB[22m[2m Γöé map:     6.08 kB[22m
[2mdist/[22m[36massets/bills.store-t3FpW_Dk.js           [39m[1m[2m  1.74 kB[22m[1m[22m[2m Γöé gzip:  0.84 kB[22m[2m Γöé map:     6.08 kB[22m
[2mdist/[22m[36massets/wishlist.store-FH15WB8c.js        [39m[1m[2m  1.78 kB[22m[1m[22m[2m Γöé gzip:  0.81 kB[22m[2m Γöé map:     6.34 kB[22m
[2mdist/[22m[36massets/LoginPage-Cy-k4e8X.js             [39m[1m[2m  1.79 kB[22m[1m[22m[2m Γöé gzip:  0.98 kB[22m[2m Γöé map:     5.51 kB[22m
[2mdist/[22m[36massets/notes.store-DX9pGhUv.js           [39m[1m[2m  1.79 kB[22m[1m[22m[2m Γöé gzip:  0.82 kB[22m[2m Γöé map:     6.37 kB[22m
[2mdist/[22m[36massets/SignupPage-BTfzi7R_.js            [39m[1m[2m  1.98 kB[22m[1m[22m[2m Γöé gzip:  1.04 kB[22m[2m Γöé map:     5.73 kB[22m
[2mdist/[22m[36massets/inventory.store-cQg9ummg.js       [39m[1m[2m  1.99 kB[22m[1m[22m[2m Γöé gzip:  0.89 kB[22m[2m Γöé map:     7.11 kB[22m
[2mdist/[22m[36massets/SInput-2WuYeLsO.js                [39m[1m[2m  2.00 kB[22m[1m[22m[2m Γöé gzip:  0.93 kB[22m[2m Γöé map:     6.46 kB[22m
[2mdist/[22m[36massets/base.data-O3WHjZXL.js             [39m[1m[2m  2.06 kB[22m[1m[22m[2m Γöé gzip:  0.92 kB[22m[2m Γöé map:     6.86 kB[22m
[2mdist/[22m[36massets/FilterBar-9mYEwF6h.js             [39m[1m[2m  2.09 kB[22m[1m[22m[2m Γöé gzip:  1.00 kB[22m[2m Γöé map:     6.37 kB[22m
[2mdist/[22m[36massets/subscriptions.store-N3AoRVOH.js   [39m[1m[2m  2.16 kB[22m[1m[22m[2m Γöé gzip:  0.98 kB[22m[2m Γöé map:     7.49 kB[22m
[2mdist/[22m[36massets/OnboardingPage-B8trCYEo.js        [39m[1m[2m  2.18 kB[22m[1m[22m[2m Γöé gzip:  1.19 kB[22m[2m Γöé map:     6.95 kB[22m
[2mdist/[22m[36massets/shopping.store-BBR3UUtU.js        [39m[1m[2m  2.19 kB[22m[1m[22m[2m Γöé gzip:  0.97 kB[22m[2m Γöé map:     8.09 kB[22m
[2mdist/[22m[36massets/db-FrPz9I6_.js                    [39m[1m[2m  2.25 kB[22m[1m[22m[2m Γöé gzip:  0.76 kB[22m[2m Γöé map:     6.24 kB[22m
[2mdist/[22m[36massets/EmptyState-DqE7h7K0.js            [39m[1m[2m  2.36 kB[22m[1m[22m[2m Γöé gzip:  0.81 kB[22m[2m Γöé map:     5.72 kB[22m
[2mdist/[22m[36massets/reminders.store-Cgo1gy1v.js       [39m[1m[2m  2.45 kB[22m[1m[22m[2m Γöé gzip:  1.02 kB[22m[2m Γöé map:     8.63 kB[22m
[2mdist/[22m[36massets/expenses.store-9QE6POau.js        [39m[1m[2m  2.51 kB[22m[1m[22m[2m Γöé gzip:  1.11 kB[22m[2m Γöé map:     9.15 kB[22m
[2mdist/[22m[36massets/habits.store-Dep4lXaX.js          [39m[1m[2m  2.64 kB[22m[1m[22m[2m Γöé gzip:  1.08 kB[22m[2m Γöé map:     9.79 kB[22m
[2mdist/[22m[36massets/household.store-CxjhaRLm.js       [39m[1m[2m  3.08 kB[22m[1m[22m[2m Γöé gzip:  1.13 kB[22m[2m Γöé map:    12.72 kB[22m
[2mdist/[22m[36massets/expense-splits.store-DxGnD9jV.js  [39m[1m[2m  3.40 kB[22m[1m[22m[2m Γöé gzip:  1.17 kB[22m[2m Γöé map:    13.32 kB[22m
[2mdist/[22m[36massets/savings.store-PYna4hRh.js         [39m[1m[2m  3.47 kB[22m[1m[22m[2m Γöé gzip:  1.35 kB[22m[2m Γöé map:    13.70 kB[22m
[2mdist/[22m[36massets/FormSection-CCa0cHtI.js           [39m[1m[2m  4.53 kB[22m[1m[22m[2m Γöé gzip:  1.78 kB[22m[2m Γöé map:    15.66 kB[22m
[2mdist/[22m[36massets/BalancesPage-CLYXasJF.js          [39m[1m[2m  4.55 kB[22m[1m[22m[2m Γöé gzip:  1.79 kB[22m[2m Γöé map:    14.61 kB[22m
[2mdist/[22m[36massets/tasks.store-Dpm5gr66.js           [39m[1m[2m  5.50 kB[22m[1m[22m[2m Γöé gzip:  1.97 kB[22m[2m Γöé map:    20.43 kB[22m
[2mdist/[22m[36massets/IncomePage-CNoiK11i.js            [39m[1m[2m  6.43 kB[22m[1m[22m[2m Γöé gzip:  2.46 kB[22m[2m Γöé map:    17.33 kB[22m
[2mdist/[22m[36massets/BudgetsPage-o7nWQeuA.js           [39m[1m[2m  6.64 kB[22m[1m[22m[2m Γöé gzip:  2.69 kB[22m[2m Γöé map:    21.04 kB[22m
[2mdist/[22m[36massets/SettingsPage-Dz-LCjeK.js          [39m[1m[2m  6.80 kB[22m[1m[22m[2m Γöé gzip:  2.58 kB[22m[2m Γöé map:    20.70 kB[22m
[2mdist/[22m[36massets/BillsPage-g8Zw7Y7Y.js             [39m[1m[2m  7.13 kB[22m[1m[22m[2m Γöé gzip:  2.64 kB[22m[2m Γöé map:    19.38 kB[22m
[2mdist/[22m[36massets/AppShell-ug05BQWQ.js              [39m[1m[2m  7.49 kB[22m[1m[22m[2m Γöé gzip:  2.62 kB[22m[2m Γöé map:    27.37 kB[22m
[2mdist/[22m[36massets/HabitsPage-CFroeYGm.js            [39m[1m[2m  7.80 kB[22m[1m[22m[2m Γöé gzip:  3.07 kB[22m[2m Γöé map:    24.25 kB[22m
[2mdist/[22m[36massets/NotesPage-qUpb2z7i.js             [39m[1m[2m  8.04 kB[22m[1m[22m[2m Γöé gzip:  2.86 kB[22m[2m Γöé map:    21.79 kB[22m
[2mdist/[22m[36massets/JournalPage-QfdJ5LVz.js           [39m[1m[2m  8.06 kB[22m[1m[22m[2m Γöé gzip:  3.33 kB[22m[2m Γöé map:    26.04 kB[22m
[2mdist/[22m[36massets/RemindersPage-CHKGSPNE.js         [39m[1m[2m  8.15 kB[22m[1m[22m[2m Γöé gzip:  3.01 kB[22m[2m Γöé map:    21.78 kB[22m
[2mdist/[22m[36massets/SubscriptionsPage-tvyuAiJx.js     [39m[1m[2m  8.96 kB[22m[1m[22m[2m Γöé gzip:  3.17 kB[22m[2m Γöé map:    24.59 kB[22m
[2mdist/[22m[36massets/SavingsPage-D2fOxsSM.js           [39m[1m[2m  9.32 kB[22m[1m[22m[2m Γöé gzip:  3.14 kB[22m[2m Γöé map:    26.90 kB[22m
[2mdist/[22m[36massets/WishlistPage-DWKEH8lP.js          [39m[1m[2m  9.35 kB[22m[1m[22m[2m Γöé gzip:  3.25 kB[22m[2m Γöé map:    26.24 kB[22m
[2mdist/[22m[36massets/ContactsPage-nRuQ06qB.js          [39m[1m[2m  9.75 kB[22m[1m[22m[2m Γöé gzip:  3.44 kB[22m[2m Γöé map:    26.90 kB[22m
[2mdist/[22m[36massets/ShoppingPage-CsTclwTF.js          [39m[1m[2m  9.96 kB[22m[1m[22m[2m Γöé gzip:  3.66 kB[22m[2m Γöé map:    26.72 kB[22m
[2mdist/[22m[36massets/InventoryPage-S4ELqwdd.js         [39m[1m[2m 10.04 kB[22m[1m[22m[2m Γöé gzip:  3.46 kB[22m[2m Γöé map:    26.24 kB[22m
[2mdist/[22m[36massets/ExpensesPage-DvaLCpii.js          [39m[1m[2m 10.74 kB[22m[1m[22m[2m Γöé gzip:  3.87 kB[22m[2m Γöé map:    32.74 kB[22m
[2mdist/[22m[36massets/MealsPage-DPjJAiWf.js             [39m[1m[2m 11.03 kB[22m[1m[22m[2m Γöé gzip:  3.86 kB[22m[2m Γöé map:    37.17 kB[22m
[2mdist/[22m[36massets/DocumentsPage-BI58HFY-.js         [39m[1m[2m 12.03 kB[22m[1m[22m[2m Γöé gzip:  4.00 kB[22m[2m Γöé map:    33.69 kB[22m
[2mdist/[22m[36massets/TasksPage-qUoJVLNN.js             [39m[1m[2m 15.25 kB[22m[1m[22m[2m Γöé gzip:  5.09 kB[22m[2m Γöé map:    41.08 kB[22m
[2mdist/[22m[36massets/index-BHgS68xY.js                 [39m[1m[2m 15.64 kB[22m[1m[22m[2m Γöé gzip:  5.54 kB[22m[2m Γöé map:    26.32 kB[22m
[2mdist/[22m[36massets/DashboardPage-Cz2YctUq.js         [39m[1m[2m 15.87 kB[22m[1m[22m[2m Γöé gzip:  3.91 kB[22m[2m Γöé map:    46.50 kB[22m
[2mdist/[22m[36massets/zod-TpWV9CBr.js                   [39m[1m[2m 53.25 kB[22m[1m[22m[2m Γöé gzip: 12.21 kB[22m[2m Γöé map:   223.50 kB[22m
[2mdist/[22m[36massets/dexie-BkRHC-TD.js                 [39m[1m[2m 96.52 kB[22m[1m[22m[2m Γöé gzip: 32.49 kB[22m[2m Γöé map:   234.91 kB[22m
[2mdist/[22m[36massets/vue-ByOOPM4W.js                   [39m[1m[2m108.60 kB[22m[1m[22m[2m Γöé gzip: 42.32 kB[22m[2m Γöé map:   830.33 kB[22m
[2mdist/[22m[36massets/supabase-mBFwDSP3.js              [39m[1m[2m194.34 kB[22m[1m[22m[2m Γöé gzip: 51.56 kB[22m[2m Γöé map: 1,075.53 kB[22m
[32mΓ£ô built in 3.28s[39m
