
> stead@0.1.0 build
> vue-tsc -b && vite build

[36mvite v6.4.2 [32mbuilding for production...[36m[39m
transforming...
[32mΓ£ô[39m 323 modules transformed.
rendering chunks...
computing gzip size...
[2mdist/[22m[32mindex.html                              [39m[1m[2m  1.15 kB[22m[1m[22m[2m Γöé gzip:  0.59 kB[22m
[2mdist/[22m[35massets/MoneyLayout-Ba5v4-qz.css         [39m[1m[2m  0.07 kB[22m[1m[22m[2m Γöé gzip:  0.08 kB[22m
[2mdist/[22m[35massets/PantryLayout-C8dVKDiU.css        [39m[1m[2m  0.07 kB[22m[1m[22m[2m Γöé gzip:  0.09 kB[22m
[2mdist/[22m[35massets/DataList-4v8NHG8G.css            [39m[1m[2m  0.17 kB[22m[1m[22m[2m Γöé gzip:  0.15 kB[22m
[2mdist/[22m[35massets/MonthSummary-C7TiH8Ea.css        [39m[1m[2m  0.43 kB[22m[1m[22m[2m Γöé gzip:  0.24 kB[22m
[2mdist/[22m[35massets/base-DFP4d7Nl.css                [39m[1m[2m  0.53 kB[22m[1m[22m[2m Γöé gzip:  0.28 kB[22m
[2mdist/[22m[35massets/SectionHeader-CDLEqVtd.css       [39m[1m[2m  0.63 kB[22m[1m[22m[2m Γöé gzip:  0.29 kB[22m
[2mdist/[22m[35massets/InlineStat-BHQjzNHO.css          [39m[1m[2m  0.67 kB[22m[1m[22m[2m Γöé gzip:  0.27 kB[22m
[2mdist/[22m[35massets/SAvatar-BQexkBn6.css             [39m[1m[2m  0.69 kB[22m[1m[22m[2m Γöé gzip:  0.32 kB[22m
[2mdist/[22m[35massets/ErrorBanner-DdYzKqiW.css         [39m[1m[2m  0.84 kB[22m[1m[22m[2m Γöé gzip:  0.35 kB[22m
[2mdist/[22m[35massets/MoneyTabs-Dk_9v2uP.css           [39m[1m[2m  1.04 kB[22m[1m[22m[2m Γöé gzip:  0.43 kB[22m
[2mdist/[22m[35massets/SBadge-DwSRl5ao.css              [39m[1m[2m  1.04 kB[22m[1m[22m[2m Γöé gzip:  0.35 kB[22m
[2mdist/[22m[35massets/PantryTabs-CFZe5wJr.css          [39m[1m[2m  1.04 kB[22m[1m[22m[2m Γöé gzip:  0.43 kB[22m
[2mdist/[22m[35massets/SToggle-BUwYiQ79.css             [39m[1m[2m  1.10 kB[22m[1m[22m[2m Γöé gzip:  0.46 kB[22m
[2mdist/[22m[35massets/SCheckbox-D805eqKY.css           [39m[1m[2m  1.13 kB[22m[1m[22m[2m Γöé gzip:  0.42 kB[22m
[2mdist/[22m[35massets/ConfirmDialog-DK7qD9GB.css       [39m[1m[2m  1.25 kB[22m[1m[22m[2m Γöé gzip:  0.44 kB[22m
[2mdist/[22m[35massets/StatusBadge-B9LLo8wP.css         [39m[1m[2m  1.47 kB[22m[1m[22m[2m Γöé gzip:  0.38 kB[22m
[2mdist/[22m[35massets/IncomePage-3bZTnD2J.css          [39m[1m[2m  1.54 kB[22m[1m[22m[2m Γöé gzip:  0.55 kB[22m
[2mdist/[22m[35massets/LoginPage-DAADoK-c.css           [39m[1m[2m  1.57 kB[22m[1m[22m[2m Γöé gzip:  0.50 kB[22m
[2mdist/[22m[35massets/SignupPage-dyPfE_2W.css          [39m[1m[2m  1.57 kB[22m[1m[22m[2m Γöé gzip:  0.50 kB[22m
[2mdist/[22m[35massets/BudgetsPage-SuOe7MWi.css         [39m[1m[2m  1.62 kB[22m[1m[22m[2m Γöé gzip:  0.52 kB[22m
[2mdist/[22m[35massets/ExpensesPage-ChFsD2zW.css        [39m[1m[2m  1.63 kB[22m[1m[22m[2m Γöé gzip:  0.56 kB[22m
[2mdist/[22m[35massets/ContentCard-DzWrRJR5.css         [39m[1m[2m  1.67 kB[22m[1m[22m[2m Γöé gzip:  0.54 kB[22m
[2mdist/[22m[35massets/ContactsPage-V9fuj2bQ.css        [39m[1m[2m  1.69 kB[22m[1m[22m[2m Γöé gzip:  0.53 kB[22m
[2mdist/[22m[35massets/STextarea-DAewkOIq.css           [39m[1m[2m  1.70 kB[22m[1m[22m[2m Γöé gzip:  0.55 kB[22m
[2mdist/[22m[35massets/BillsPage-J2LKYKtO.css           [39m[1m[2m  1.70 kB[22m[1m[22m[2m Γöé gzip:  0.57 kB[22m
[2mdist/[22m[35massets/RemindersPage-cDnfG1UL.css       [39m[1m[2m  1.84 kB[22m[1m[22m[2m Γöé gzip:  0.57 kB[22m
[2mdist/[22m[35massets/ShoppingPage-ZhS1VHCh.css        [39m[1m[2m  1.85 kB[22m[1m[22m[2m Γöé gzip:  0.60 kB[22m
[2mdist/[22m[35massets/InventoryPage-oc-lHMGV.css       [39m[1m[2m  1.91 kB[22m[1m[22m[2m Γöé gzip:  0.58 kB[22m
[2mdist/[22m[35massets/OnboardingPage-B38Pi_7t.css      [39m[1m[2m  1.92 kB[22m[1m[22m[2m Γöé gzip:  0.60 kB[22m
[2mdist/[22m[35massets/NotesPage-tAPapqSo.css           [39m[1m[2m  2.10 kB[22m[1m[22m[2m Γöé gzip:  0.67 kB[22m
[2mdist/[22m[35massets/FilterBar-0jf6Vurq.css           [39m[1m[2m  2.28 kB[22m[1m[22m[2m Γöé gzip:  0.67 kB[22m
[2mdist/[22m[35massets/DocumentsPage-7fRvHq50.css       [39m[1m[2m  2.60 kB[22m[1m[22m[2m Γöé gzip:  0.69 kB[22m
[2mdist/[22m[35massets/SavingsPage-D_K4qLIx.css         [39m[1m[2m  2.68 kB[22m[1m[22m[2m Γöé gzip:  0.67 kB[22m
[2mdist/[22m[35massets/SubscriptionsPage-Y66pULiD.css   [39m[1m[2m  2.73 kB[22m[1m[22m[2m Γöé gzip:  0.68 kB[22m
[2mdist/[22m[35massets/JournalPage-BGJXNa-a.css         [39m[1m[2m  2.85 kB[22m[1m[22m[2m Γöé gzip:  0.76 kB[22m
[2mdist/[22m[35massets/SettingsPage-CHf6u5GC.css        [39m[1m[2m  2.91 kB[22m[1m[22m[2m Γöé gzip:  0.74 kB[22m
[2mdist/[22m[35massets/WishlistPage-CPEi5thd.css        [39m[1m[2m  3.01 kB[22m[1m[22m[2m Γöé gzip:  0.79 kB[22m
[2mdist/[22m[35massets/TasksPage-VNC3Efra.css           [39m[1m[2m  3.19 kB[22m[1m[22m[2m Γöé gzip:  0.80 kB[22m
[2mdist/[22m[35massets/HabitsPage-Bw04YBSg.css          [39m[1m[2m  3.41 kB[22m[1m[22m[2m Γöé gzip:  0.80 kB[22m
[2mdist/[22m[35massets/DashboardPage-DC5EdHmb.css       [39m[1m[2m  4.16 kB[22m[1m[22m[2m Γöé gzip:  0.96 kB[22m
[2mdist/[22m[35massets/MealsPage-DydWdFbE.css           [39m[1m[2m  4.22 kB[22m[1m[22m[2m Γöé gzip:  0.99 kB[22m
[2mdist/[22m[35massets/SButton-kCMJFHd4.css             [39m[1m[2m  5.16 kB[22m[1m[22m[2m Γöé gzip:  1.17 kB[22m
[2mdist/[22m[35massets/FormSection-CJcEcqH5.css         [39m[1m[2m  7.03 kB[22m[1m[22m[2m Γöé gzip:  1.55 kB[22m
[2mdist/[22m[35massets/AppShell-DxkrN5te.css            [39m[1m[2m  7.72 kB[22m[1m[22m[2m Γöé gzip:  1.49 kB[22m
[2mdist/[22m[35massets/index-CUKP-JfX.css               [39m[1m[2m 14.07 kB[22m[1m[22m[2m Γöé gzip:  3.26 kB[22m
[2mdist/[22m[36massets/categories-CaZ1grbX.js           [39m[1m[2m  0.25 kB[22m[1m[22m[2m Γöé gzip:  0.20 kB[22m[2m Γöé map:     0.90 kB[22m
[2mdist/[22m[36massets/MoneyLayout-DrktARPy.js          [39m[1m[2m  0.37 kB[22m[1m[22m[2m Γöé gzip:  0.30 kB[22m[2m Γöé map:     0.57 kB[22m
[2mdist/[22m[36massets/PantryLayout-BWrmtSfy.js         [39m[1m[2m  0.37 kB[22m[1m[22m[2m Γöé gzip:  0.30 kB[22m[2m Γöé map:     0.58 kB[22m
[2mdist/[22m[36massets/DataList-NYsL8zXF.js             [39m[1m[2m  0.42 kB[22m[1m[22m[2m Γöé gzip:  0.32 kB[22m[2m Γöé map:     0.77 kB[22m
[2mdist/[22m[36massets/SBadge-DkcxESCS.js               [39m[1m[2m  0.43 kB[22m[1m[22m[2m Γöé gzip:  0.33 kB[22m[2m Γöé map:     2.06 kB[22m
[2mdist/[22m[36massets/useAuth-BcXedlSH.js              [39m[1m[2m  0.45 kB[22m[1m[22m[2m Γöé gzip:  0.27 kB[22m[2m Γöé map:     1.20 kB[22m
[2mdist/[22m[36massets/StatusBadge-DCtc_xBl.js          [39m[1m[2m  0.54 kB[22m[1m[22m[2m Γöé gzip:  0.39 kB[22m[2m Γöé map:     2.40 kB[22m
[2mdist/[22m[36massets/MonthSummary-GjYVjbPE.js         [39m[1m[2m  0.59 kB[22m[1m[22m[2m Γöé gzip:  0.40 kB[22m[2m Γöé map:     1.70 kB[22m
[2mdist/[22m[36massets/InlineStat-5_NSBBvE.js           [39m[1m[2m  0.60 kB[22m[1m[22m[2m Γöé gzip:  0.39 kB[22m[2m Γöé map:     1.84 kB[22m
[2mdist/[22m[36massets/SectionHeader-BzrYJqyN.js        [39m[1m[2m  0.63 kB[22m[1m[22m[2m Γöé gzip:  0.40 kB[22m[2m Γöé map:     1.80 kB[22m
[2mdist/[22m[36massets/format-ebkBAvNA.js               [39m[1m[2m  0.65 kB[22m[1m[22m[2m Γöé gzip:  0.38 kB[22m[2m Γöé map:     2.21 kB[22m
[2mdist/[22m[36massets/SToggle-Di3VxfTw.js              [39m[1m[2m  0.95 kB[22m[1m[22m[2m Γöé gzip:  0.57 kB[22m[2m Γöé map:     2.79 kB[22m
[2mdist/[22m[36massets/ErrorBanner-CPzTjreu.js          [39m[1m[2m  1.01 kB[22m[1m[22m[2m Γöé gzip:  0.58 kB[22m[2m Γöé map:     2.45 kB[22m
[2mdist/[22m[36massets/SCheckbox-CMSIw9D2.js            [39m[1m[2m  1.15 kB[22m[1m[22m[2m Γöé gzip:  0.67 kB[22m[2m Γöé map:     3.19 kB[22m
[2mdist/[22m[36massets/ContentCard-bGWbyKKX.js          [39m[1m[2m  1.23 kB[22m[1m[22m[2m Γöé gzip:  0.59 kB[22m[2m Γöé map:     4.13 kB[22m
[2mdist/[22m[36massets/ConfirmDialog-C76pEo5R.js        [39m[1m[2m  1.30 kB[22m[1m[22m[2m Γöé gzip:  0.71 kB[22m[2m Γöé map:     4.19 kB[22m
[2mdist/[22m[36massets/SAvatar-B3hQJ0j2.js              [39m[1m[2m  1.35 kB[22m[1m[22m[2m Γöé gzip:  0.85 kB[22m[2m Γöé map:     3.75 kB[22m
[2mdist/[22m[36massets/PantryTabs-yLZSvfPT.js           [39m[1m[2m  1.40 kB[22m[1m[22m[2m Γöé gzip:  0.80 kB[22m[2m Γöé map:     5.22 kB[22m
[2mdist/[22m[36massets/MoneyTabs-g4dBOA_Q.js            [39m[1m[2m  1.53 kB[22m[1m[22m[2m Γöé gzip:  0.84 kB[22m[2m Γöé map:     5.68 kB[22m
[2mdist/[22m[36massets/STextarea-BHZD6FbB.js            [39m[1m[2m  1.55 kB[22m[1m[22m[2m Γöé gzip:  0.75 kB[22m[2m Γöé map:     4.46 kB[22m
[2mdist/[22m[36massets/income.store-C0GR1ufM.js         [39m[1m[2m  1.72 kB[22m[1m[22m[2m Γöé gzip:  0.85 kB[22m[2m Γöé map:     6.08 kB[22m
[2mdist/[22m[36massets/bills.store-QjLaesB_.js          [39m[1m[2m  1.74 kB[22m[1m[22m[2m Γöé gzip:  0.84 kB[22m[2m Γöé map:     6.08 kB[22m
[2mdist/[22m[36massets/LoginPage-DKPmHFsT.js            [39m[1m[2m  1.75 kB[22m[1m[22m[2m Γöé gzip:  0.97 kB[22m[2m Γöé map:     5.51 kB[22m
[2mdist/[22m[36massets/wishlist.store-D2PfOkNm.js       [39m[1m[2m  1.78 kB[22m[1m[22m[2m Γöé gzip:  0.81 kB[22m[2m Γöé map:     6.34 kB[22m
[2mdist/[22m[36massets/notes.store-C-M05lRt.js          [39m[1m[2m  1.79 kB[22m[1m[22m[2m Γöé gzip:  0.82 kB[22m[2m Γöé map:     6.37 kB[22m
[2mdist/[22m[36massets/SignupPage-DA2YeACD.js           [39m[1m[2m  1.95 kB[22m[1m[22m[2m Γöé gzip:  1.02 kB[22m[2m Γöé map:     5.73 kB[22m
[2mdist/[22m[36massets/inventory.store-DoCtj2R4.js      [39m[1m[2m  1.99 kB[22m[1m[22m[2m Γöé gzip:  0.89 kB[22m[2m Γöé map:     7.11 kB[22m
[2mdist/[22m[36massets/base.data-BjXqOfXV.js            [39m[1m[2m  2.06 kB[22m[1m[22m[2m Γöé gzip:  0.92 kB[22m[2m Γöé map:     6.86 kB[22m
[2mdist/[22m[36massets/FilterBar-CTjB2WfY.js            [39m[1m[2m  2.09 kB[22m[1m[22m[2m Γöé gzip:  1.00 kB[22m[2m Γöé map:     6.37 kB[22m
[2mdist/[22m[36massets/OnboardingPage-CQRkFGWB.js       [39m[1m[2m  2.14 kB[22m[1m[22m[2m Γöé gzip:  1.17 kB[22m[2m Γöé map:     6.95 kB[22m
[2mdist/[22m[36massets/db-UOnhN3_0.js                   [39m[1m[2m  2.15 kB[22m[1m[22m[2m Γöé gzip:  0.73 kB[22m[2m Γöé map:     5.94 kB[22m
[2mdist/[22m[36massets/subscriptions.store-B6-_R0XF.js  [39m[1m[2m  2.16 kB[22m[1m[22m[2m Γöé gzip:  0.97 kB[22m[2m Γöé map:     7.49 kB[22m
[2mdist/[22m[36massets/shopping.store-CRvSPnGw.js       [39m[1m[2m  2.19 kB[22m[1m[22m[2m Γöé gzip:  0.97 kB[22m[2m Γöé map:     8.09 kB[22m
[2mdist/[22m[36massets/reminders.store-wgoPn5lk.js      [39m[1m[2m  2.45 kB[22m[1m[22m[2m Γöé gzip:  1.02 kB[22m[2m Γöé map:     8.63 kB[22m
[2mdist/[22m[36massets/expenses.store-pkKt2wep.js       [39m[1m[2m  2.51 kB[22m[1m[22m[2m Γöé gzip:  1.11 kB[22m[2m Γöé map:     9.15 kB[22m
[2mdist/[22m[36massets/habits.store-Xqq_WIKJ.js         [39m[1m[2m  2.64 kB[22m[1m[22m[2m Γöé gzip:  1.08 kB[22m[2m Γöé map:     9.79 kB[22m
[2mdist/[22m[36massets/SButton-yjjX9ae1.js              [39m[1m[2m  2.74 kB[22m[1m[22m[2m Γöé gzip:  1.17 kB[22m[2m Γöé map:    11.30 kB[22m
[2mdist/[22m[36massets/household.store-By1SWhyu.js      [39m[1m[2m  3.08 kB[22m[1m[22m[2m Γöé gzip:  1.13 kB[22m[2m Γöé map:    12.72 kB[22m
[2mdist/[22m[36massets/savings.store-DNet5dmY.js        [39m[1m[2m  3.47 kB[22m[1m[22m[2m Γöé gzip:  1.35 kB[22m[2m Γöé map:    13.70 kB[22m
[2mdist/[22m[36massets/tasks.store-i50Hh_JE.js          [39m[1m[2m  5.50 kB[22m[1m[22m[2m Γöé gzip:  1.96 kB[22m[2m Γöé map:    20.43 kB[22m
[2mdist/[22m[36massets/IncomePage-k4wXbUJI.js           [39m[1m[2m  6.36 kB[22m[1m[22m[2m Γöé gzip:  2.44 kB[22m[2m Γöé map:    17.33 kB[22m
[2mdist/[22m[36massets/BudgetsPage-JwJMTds4.js          [39m[1m[2m  6.57 kB[22m[1m[22m[2m Γöé gzip:  2.66 kB[22m[2m Γöé map:    21.04 kB[22m
[2mdist/[22m[36massets/FormSection-CKhD-CWE.js          [39m[1m[2m  6.72 kB[22m[1m[22m[2m Γöé gzip:  2.22 kB[22m[2m Γöé map:    21.01 kB[22m
[2mdist/[22m[36massets/SettingsPage-r13-eLYL.js         [39m[1m[2m  6.73 kB[22m[1m[22m[2m Γöé gzip:  2.55 kB[22m[2m Γöé map:    20.70 kB[22m
[2mdist/[22m[36massets/BillsPage-BIBi3Nnr.js            [39m[1m[2m  7.05 kB[22m[1m[22m[2m Γöé gzip:  2.61 kB[22m[2m Γöé map:    19.38 kB[22m
[2mdist/[22m[36massets/AppShell-DvFHZssP.js             [39m[1m[2m  7.49 kB[22m[1m[22m[2m Γöé gzip:  2.62 kB[22m[2m Γöé map:    27.37 kB[22m
[2mdist/[22m[36massets/HabitsPage-NvVp1NR8.js           [39m[1m[2m  7.72 kB[22m[1m[22m[2m Γöé gzip:  3.05 kB[22m[2m Γöé map:    24.25 kB[22m
[2mdist/[22m[36massets/NotesPage-CEXOK7Jr.js            [39m[1m[2m  7.97 kB[22m[1m[22m[2m Γöé gzip:  2.84 kB[22m[2m Γöé map:    21.79 kB[22m
[2mdist/[22m[36massets/JournalPage-5DWFW1dC.js          [39m[1m[2m  7.99 kB[22m[1m[22m[2m Γöé gzip:  3.30 kB[22m[2m Γöé map:    26.04 kB[22m
[2mdist/[22m[36massets/ExpensesPage-E9JHoZ9H.js         [39m[1m[2m  8.05 kB[22m[1m[22m[2m Γöé gzip:  2.97 kB[22m[2m Γöé map:    21.75 kB[22m
[2mdist/[22m[36massets/RemindersPage-rGrPRmfl.js        [39m[1m[2m  8.08 kB[22m[1m[22m[2m Γöé gzip:  2.98 kB[22m[2m Γöé map:    21.78 kB[22m
[2mdist/[22m[36massets/SubscriptionsPage-T8rpIxUt.js    [39m[1m[2m  8.88 kB[22m[1m[22m[2m Γöé gzip:  3.15 kB[22m[2m Γöé map:    24.59 kB[22m
[2mdist/[22m[36massets/SavingsPage-2buwriPp.js          [39m[1m[2m  9.24 kB[22m[1m[22m[2m Γöé gzip:  3.11 kB[22m[2m Γöé map:    26.90 kB[22m
[2mdist/[22m[36massets/WishlistPage-EnavMytd.js         [39m[1m[2m  9.28 kB[22m[1m[22m[2m Γöé gzip:  3.22 kB[22m[2m Γöé map:    26.24 kB[22m
[2mdist/[22m[36massets/ContactsPage-BB2nCPC_.js         [39m[1m[2m  9.68 kB[22m[1m[22m[2m Γöé gzip:  3.41 kB[22m[2m Γöé map:    26.90 kB[22m
[2mdist/[22m[36massets/ShoppingPage-Bq9qNNBm.js         [39m[1m[2m  9.88 kB[22m[1m[22m[2m Γöé gzip:  3.63 kB[22m[2m Γöé map:    26.72 kB[22m
[2mdist/[22m[36massets/InventoryPage-Cdb73l9W.js        [39m[1m[2m  9.97 kB[22m[1m[22m[2m Γöé gzip:  3.43 kB[22m[2m Γöé map:    26.24 kB[22m
[2mdist/[22m[36massets/MealsPage-BHMCoU6Z.js            [39m[1m[2m 10.95 kB[22m[1m[22m[2m Γöé gzip:  3.84 kB[22m[2m Γöé map:    37.17 kB[22m
[2mdist/[22m[36massets/DocumentsPage-mhcSbeBa.js        [39m[1m[2m 11.96 kB[22m[1m[22m[2m Γöé gzip:  3.97 kB[22m[2m Γöé map:    33.69 kB[22m
[2mdist/[22m[36massets/TasksPage-CxmDNe0u.js            [39m[1m[2m 14.24 kB[22m[1m[22m[2m Γöé gzip:  4.72 kB[22m[2m Γöé map:    38.06 kB[22m
[2mdist/[22m[36massets/index-BfOjX2pD.js                [39m[1m[2m 15.09 kB[22m[1m[22m[2m Γöé gzip:  5.43 kB[22m[2m Γöé map:    26.07 kB[22m
[2mdist/[22m[36massets/DashboardPage-uGdm6Yk1.js        [39m[1m[2m 15.87 kB[22m[1m[22m[2m Γöé gzip:  3.90 kB[22m[2m Γöé map:    46.50 kB[22m
[2mdist/[22m[36massets/zod-TpWV9CBr.js                  [39m[1m[2m 53.25 kB[22m[1m[22m[2m Γöé gzip: 12.21 kB[22m[2m Γöé map:   223.50 kB[22m
[2mdist/[22m[36massets/dexie-BkRHC-TD.js                [39m[1m[2m 96.52 kB[22m[1m[22m[2m Γöé gzip: 32.49 kB[22m[2m Γöé map:   234.91 kB[22m
[2mdist/[22m[36massets/vue-Zqtc6YbR.js                  [39m[1m[2m108.60 kB[22m[1m[22m[2m Γöé gzip: 42.32 kB[22m[2m Γöé map:   830.33 kB[22m
[2mdist/[22m[36massets/supabase-mBFwDSP3.js             [39m[1m[2m194.34 kB[22m[1m[22m[2m Γöé gzip: 51.56 kB[22m[2m Γöé map: 1,075.53 kB[22m
[32mΓ£ô built in 3.23s[39m
